103.123.16.140 - - [07/Jul/2025:07:52:16 +0700] "GET / HTTP/1.0" 200 28893 "-" "Python/3.11 aiohttp/3.9.2"
66.249.69.166 - - [07/Jul/2025:07:59:56 +0700] "GET / HTTP/1.0" 200 28978 "-" "Mozilla/5.0 (Linux; Android 6.0.1; Nexus 5X Build/MMB29P) AppleWebKit/537.36 (KHTML, like Gecko) Chrome/137.0.7151.103 Mobile Safari/537.36 (compatible; Googlebot/2.1; +http://www.google.com/bot.html)"
66.249.71.129 - - [07/Jul/2025:07:59:59 +0700] "GET /images/ygf.svg HTTP/1.0" 200 1347 "https://ygf26.ygflive.com/" "Mozilla/5.0 (Linux; Android 6.0.1; Nexus 5X Build/MMB29P) AppleWebKit/537.36 (KHTML, like Gecko) Chrome/137.0.7151.119 Mobile Safari/537.36 (compatible; Googlebot/2.1; +http://www.google.com/bot.html)"
66.249.69.167 - - [07/Jul/2025:07:59:59 +0700] "GET /js/uikit.min.js HTTP/1.0" 200 404 "https://ygf26.ygflive.com/" "Mozilla/5.0 (Linux; Android 6.0.1; Nexus 5X Build/MMB29P) AppleWebKit/537.36 (KHTML, like Gecko) Chrome/137.0.7151.119 Mobile Safari/537.36 (compatible; Googlebot/2.1; +http://www.google.com/bot.html)"
66.249.69.166 - - [07/Jul/2025:07:59:59 +0700] "GET /images/komunitas-gayam.svg HTTP/1.0" 200 406 "https://ygf26.ygflive.com/" "Mozilla/5.0 (Linux; Android 6.0.1; Nexus 5X Build/MMB29P) AppleWebKit/537.36 (KHTML, like Gecko) Chrome/137.0.7151.119 Mobile Safari/537.36 (compatible; Googlebot/2.1; +http://www.google.com/bot.html)"
66.249.69.166 - - [07/Jul/2025:07:59:59 +0700] "GET /css/theme.css HTTP/1.0" 200 388 "https://ygf26.ygflive.com/" "Mozilla/5.0 (Linux; Android 6.0.1; Nexus 5X Build/MMB29P) AppleWebKit/537.36 (KHTML, like Gecko) Chrome/137.0.7151.119 Mobile Safari/537.36 (compatible; Googlebot/2.1; +http://www.google.com/bot.html)"
66.249.69.167 - - [07/Jul/2025:07:59:59 +0700] "GET /js/uikit.min.js HTTP/1.1" 200 39878 "https://ygf26.ygflive.com/" "Mozilla/5.0 (Linux; Android 6.0.1; Nexus 5X Build/MMB29P) AppleWebKit/537.36 (KHTML, like Gecko) Chrome/137.0.7151.119 Mobile Safari/537.36 (compatible; Googlebot/2.1; +http://www.google.com/bot.html)"
66.249.69.166 - - [07/Jul/2025:07:59:59 +0700] "GET /images/komunitas-gayam.svg HTTP/1.1" 200 10730 "https://ygf26.ygflive.com/" "Mozilla/5.0 (Linux; Android 6.0.1; Nexus 5X Build/MMB29P) AppleWebKit/537.36 (KHTML, like Gecko) Chrome/137.0.7151.119 Mobile Safari/537.36 (compatible; Googlebot/2.1; +http://www.google.com/bot.html)"
66.249.69.166 - - [07/Jul/2025:07:59:59 +0700] "GET /css/theme.css HTTP/1.1" 200 47423 "https://ygf26.ygflive.com/" "Mozilla/5.0 (Linux; Android 6.0.1; Nexus 5X Build/MMB29P) AppleWebKit/537.36 (KHTML, like Gecko) Chrome/137.0.7151.119 Mobile Safari/537.36 (compatible; Googlebot/2.1; +http://www.google.com/bot.html)"
66.249.71.129 - - [07/Jul/2025:08:00:00 +0700] "GET /images/concert-button.svg HTTP/1.1" 200 3607 "https://ygf26.ygflive.com/" "Mozilla/5.0 (Linux; Android 6.0.1; Nexus 5X Build/MMB29P) AppleWebKit/537.36 (KHTML, like Gecko) Chrome/137.0.7151.119 Mobile Safari/537.36 (compatible; Googlebot/2.1; +http://www.google.com/bot.html)"
66.249.69.167 - - [07/Jul/2025:08:00:00 +0700] "GET /images/workshop-button.svg HTTP/1.1" 200 4348 "https://ygf26.ygflive.com/" "Mozilla/5.0 (Linux; Android 6.0.1; Nexus 5X Build/MMB29P) AppleWebKit/537.36 (KHTML, like Gecko) Chrome/137.0.7151.119 Mobile Safari/537.36 (compatible; Googlebot/2.1; +http://www.google.com/bot.html)"
66.249.69.167 - - [07/Jul/2025:08:00:00 +0700] "GET /images/rembug-budaya-button.svg HTTP/1.1" 200 5078 "https://ygf26.ygflive.com/" "Mozilla/5.0 (Linux; Android 6.0.1; Nexus 5X Build/MMB29P) AppleWebKit/537.36 (KHTML, like Gecko) Chrome/137.0.7151.119 Mobile Safari/537.36 (compatible; Googlebot/2.1; +http://www.google.com/bot.html)"
66.249.69.167 - - [07/Jul/2025:08:00:00 +0700] "GET /js/uikit-icons.min.js HTTP/1.1" 200 17358 "https://ygf26.ygflive.com/" "Mozilla/5.0 (Linux; Android 6.0.1; Nexus 5X Build/MMB29P) AppleWebKit/537.36 (KHTML, like Gecko) Chrome/137.0.7151.119 Mobile Safari/537.36 (compatible; Googlebot/2.1; +http://www.google.com/bot.html)"
66.249.71.129 - - [07/Jul/2025:08:00:00 +0700] "GET /images/concert-button.svg HTTP/1.0" 200 405 "https://ygf26.ygflive.com/" "Mozilla/5.0 (Linux; Android 6.0.1; Nexus 5X Build/MMB29P) AppleWebKit/537.36 (KHTML, like Gecko) Chrome/137.0.7151.119 Mobile Safari/537.36 (compatible; Googlebot/2.1; +http://www.google.com/bot.html)"
66.249.69.167 - - [07/Jul/2025:08:00:00 +0700] "GET /images/workshop-button.svg HTTP/1.0" 200 406 "https://ygf26.ygflive.com/" "Mozilla/5.0 (Linux; Android 6.0.1; Nexus 5X Build/MMB29P) AppleWebKit/537.36 (KHTML, like Gecko) Chrome/137.0.7151.119 Mobile Safari/537.36 (compatible; Googlebot/2.1; +http://www.google.com/bot.html)"
66.249.69.167 - - [07/Jul/2025:08:00:00 +0700] "GET /images/rembug-budaya-button.svg HTTP/1.0" 200 411 "https://ygf26.ygflive.com/" "Mozilla/5.0 (Linux; Android 6.0.1; Nexus 5X Build/MMB29P) AppleWebKit/537.36 (KHTML, like Gecko) Chrome/137.0.7151.119 Mobile Safari/537.36 (compatible; Googlebot/2.1; +http://www.google.com/bot.html)"
66.249.69.167 - - [07/Jul/2025:08:00:00 +0700] "GET /js/uikit-icons.min.js HTTP/1.0" 200 410 "https://ygf26.ygflive.com/" "Mozilla/5.0 (Linux; Android 6.0.1; Nexus 5X Build/MMB29P) AppleWebKit/537.36 (KHTML, like Gecko) Chrome/137.0.7151.119 Mobile Safari/537.36 (compatible; Googlebot/2.1; +http://www.google.com/bot.html)"
66.249.69.167 - - [07/Jul/2025:08:00:01 +0700] "GET /js/theme.js HTTP/1.0" 200 400 "https://ygf26.ygflive.com/" "Mozilla/5.0 (Linux; Android 6.0.1; Nexus 5X Build/MMB29P) AppleWebKit/537.36 (KHTML, like Gecko) Chrome/137.0.7151.119 Mobile Safari/537.36 (compatible; Googlebot/2.1; +http://www.google.com/bot.html)"
66.249.69.167 - - [07/Jul/2025:08:00:01 +0700] "GET /js/theme.js HTTP/1.1" 200 2525 "https://ygf26.ygflive.com/" "Mozilla/5.0 (Linux; Android 6.0.1; Nexus 5X Build/MMB29P) AppleWebKit/537.36 (KHTML, like Gecko) Chrome/137.0.7151.119 Mobile Safari/537.36 (compatible; Googlebot/2.1; +http://www.google.com/bot.html)"
66.249.69.166 - - [07/Jul/2025:08:00:10 +0700] "GET /images/concert-button.svg HTTP/1.1" 200 3607 "https://ygf26.ygflive.com/" "Mozilla/5.0 (Linux; Android 6.0.1; Nexus 5X Build/MMB29P) AppleWebKit/537.36 (KHTML, like Gecko) Chrome/137.0.7151.119 Mobile Safari/537.36 (compatible; Googlebot/2.1; +http://www.google.com/bot.html)"
66.249.71.128 - - [07/Jul/2025:08:00:10 +0700] "GET /images/workshop-button.svg HTTP/1.1" 200 4348 "https://ygf26.ygflive.com/" "Mozilla/5.0 (Linux; Android 6.0.1; Nexus 5X Build/MMB29P) AppleWebKit/537.36 (KHTML, like Gecko) Chrome/137.0.7151.119 Mobile Safari/537.36 (compatible; Googlebot/2.1; +http://www.google.com/bot.html)"
66.249.69.166 - - [07/Jul/2025:08:00:10 +0700] "GET /images/komunitas-gayam.svg HTTP/1.1" 200 10730 "https://ygf26.ygflive.com/" "Mozilla/5.0 (Linux; Android 6.0.1; Nexus 5X Build/MMB29P) AppleWebKit/537.36 (KHTML, like Gecko) Chrome/137.0.7151.119 Mobile Safari/537.36 (compatible; Googlebot/2.1; +http://www.google.com/bot.html)"
66.249.71.128 - - [07/Jul/2025:08:00:10 +0700] "GET /images/rembug-budaya-button.svg HTTP/1.1" 200 5078 "https://ygf26.ygflive.com/" "Mozilla/5.0 (Linux; Android 6.0.1; Nexus 5X Build/MMB29P) AppleWebKit/537.36 (KHTML, like Gecko) Chrome/137.0.7151.119 Mobile Safari/537.36 (compatible; Googlebot/2.1; +http://www.google.com/bot.html)"
66.249.69.166 - - [07/Jul/2025:08:00:10 +0700] "GET /images/concert-button.svg HTTP/1.0" 200 405 "https://ygf26.ygflive.com/" "Mozilla/5.0 (Linux; Android 6.0.1; Nexus 5X Build/MMB29P) AppleWebKit/537.36 (KHTML, like Gecko) Chrome/137.0.7151.119 Mobile Safari/537.36 (compatible; Googlebot/2.1; +http://www.google.com/bot.html)"
66.249.71.128 - - [07/Jul/2025:08:00:10 +0700] "GET /images/workshop-button.svg HTTP/1.0" 200 406 "https://ygf26.ygflive.com/" "Mozilla/5.0 (Linux; Android 6.0.1; Nexus 5X Build/MMB29P) AppleWebKit/537.36 (KHTML, like Gecko) Chrome/137.0.7151.119 Mobile Safari/537.36 (compatible; Googlebot/2.1; +http://www.google.com/bot.html)"
66.249.69.166 - - [07/Jul/2025:08:00:10 +0700] "GET /images/komunitas-gayam.svg HTTP/1.0" 200 406 "https://ygf26.ygflive.com/" "Mozilla/5.0 (Linux; Android 6.0.1; Nexus 5X Build/MMB29P) AppleWebKit/537.36 (KHTML, like Gecko) Chrome/137.0.7151.119 Mobile Safari/537.36 (compatible; Googlebot/2.1; +http://www.google.com/bot.html)"
66.249.71.128 - - [07/Jul/2025:08:00:10 +0700] "GET /images/rembug-budaya-button.svg HTTP/1.0" 200 411 "https://ygf26.ygflive.com/" "Mozilla/5.0 (Linux; Android 6.0.1; Nexus 5X Build/MMB29P) AppleWebKit/537.36 (KHTML, like Gecko) Chrome/137.0.7151.119 Mobile Safari/537.36 (compatible; Googlebot/2.1; +http://www.google.com/bot.html)"
66.249.69.166 - - [07/Jul/2025:08:00:11 +0700] "GET /images/ygf.svg HTTP/1.0" 200 1347 "https://ygf26.ygflive.com/" "Mozilla/5.0 (Linux; Android 6.0.1; Nexus 5X Build/MMB29P) AppleWebKit/537.36 (KHTML, like Gecko) Chrome/137.0.7151.119 Mobile Safari/537.36 (compatible; Googlebot/2.1; +http://www.google.com/bot.html)"
66.249.69.166 - - [07/Jul/2025:08:00:26 +0700] "GET / HTTP/1.0" 200 28978 "-" "Mozilla/5.0 (Linux; Android 6.0.1; Nexus 5X Build/MMB29P) AppleWebKit/537.36 (KHTML, like Gecko) Chrome/99.0.4844.84 Mobile Safari/537.36 (compatible; Googlebot/2.1; +http://www.google.com/bot.html)"
66.249.69.166 - - [07/Jul/2025:08:00:26 +0700] "GET / HTTP/1.0" 200 28893 "-" "Mozilla/5.0 (compatible; Googlebot/2.1; +http://www.google.com/bot.html)"
66.249.69.166 - - [07/Jul/2025:08:00:28 +0700] "GET /css/theme.css HTTP/1.0" 200 388 "https://ygf26.ygflive.com/" "Mozilla/5.0 (Linux; Android 6.0.1; Nexus 5X Build/MMB29P) AppleWebKit/537.36 (KHTML, like Gecko) Chrome/137.0.7151.119 Mobile Safari/537.36 (compatible; Googlebot/2.1; +http://www.google.com/bot.html)"
66.249.69.166 - - [07/Jul/2025:08:00:28 +0700] "GET /images/ygf.svg HTTP/1.0" 200 1347 "https://ygf26.ygflive.com/" "Mozilla/5.0 (Linux; Android 6.0.1; Nexus 5X Build/MMB29P) AppleWebKit/537.36 (KHTML, like Gecko) Chrome/137.0.7151.119 Mobile Safari/537.36 (compatible; Googlebot/2.1; +http://www.google.com/bot.html)"
66.249.69.166 - - [07/Jul/2025:08:00:28 +0700] "GET /css/theme.css HTTP/1.1" 200 47423 "https://ygf26.ygflive.com/" "Mozilla/5.0 (Linux; Android 6.0.1; Nexus 5X Build/MMB29P) AppleWebKit/537.36 (KHTML, like Gecko) Chrome/137.0.7151.119 Mobile Safari/537.36 (compatible; Googlebot/2.1; +http://www.google.com/bot.html)"
66.249.69.166 - - [07/Jul/2025:08:00:29 +0700] "GET /images/komunitas-gayam.svg HTTP/1.1" 200 10730 "https://ygf26.ygflive.com/" "Mozilla/5.0 AppleWebKit/537.36 (KHTML, like Gecko; compatible; Googlebot/2.1; +http://www.google.com/bot.html) Chrome/137.0.7151.119 Safari/537.36"
66.249.71.128 - - [07/Jul/2025:08:00:29 +0700] "GET /css/theme.css HTTP/1.1" 200 47423 "https://ygf26.ygflive.com/" "Mozilla/5.0 AppleWebKit/537.36 (KHTML, like Gecko; compatible; Googlebot/2.1; +http://www.google.com/bot.html) Chrome/137.0.7151.119 Safari/537.36"
66.249.69.166 - - [07/Jul/2025:08:00:29 +0700] "GET /images/komunitas-gayam.svg HTTP/1.1" 200 10730 "https://ygf26.ygflive.com/" "Mozilla/5.0 (Linux; Android 6.0.1; Nexus 5X Build/MMB29P) AppleWebKit/537.36 (KHTML, like Gecko) Chrome/137.0.7151.119 Mobile Safari/537.36 (compatible; Googlebot/2.1; +http://www.google.com/bot.html)"
66.249.71.128 - - [07/Jul/2025:08:00:29 +0700] "GET /js/uikit.min.js HTTP/1.1" 200 39878 "https://ygf26.ygflive.com/" "Mozilla/5.0 AppleWebKit/537.36 (KHTML, like Gecko; compatible; Googlebot/2.1; +http://www.google.com/bot.html) Chrome/137.0.7151.119 Safari/537.36"
66.249.71.128 - - [07/Jul/2025:08:00:29 +0700] "GET /images/ygf.svg HTTP/1.0" 200 1347 "https://ygf26.ygflive.com/" "Mozilla/5.0 AppleWebKit/537.36 (KHTML, like Gecko; compatible; Googlebot/2.1; +http://www.google.com/bot.html) Chrome/137.0.7151.119 Safari/537.36"
66.249.69.166 - - [07/Jul/2025:08:00:29 +0700] "GET /images/komunitas-gayam.svg HTTP/1.0" 200 406 "https://ygf26.ygflive.com/" "Mozilla/5.0 AppleWebKit/537.36 (KHTML, like Gecko; compatible; Googlebot/2.1; +http://www.google.com/bot.html) Chrome/137.0.7151.119 Safari/537.36"
66.249.71.128 - - [07/Jul/2025:08:00:29 +0700] "GET /css/theme.css HTTP/1.0" 200 388 "https://ygf26.ygflive.com/" "Mozilla/5.0 AppleWebKit/537.36 (KHTML, like Gecko; compatible; Googlebot/2.1; +http://www.google.com/bot.html) Chrome/137.0.7151.119 Safari/537.36"
66.249.69.166 - - [07/Jul/2025:08:00:29 +0700] "GET /images/komunitas-gayam.svg HTTP/1.0" 200 406 "https://ygf26.ygflive.com/" "Mozilla/5.0 (Linux; Android 6.0.1; Nexus 5X Build/MMB29P) AppleWebKit/537.36 (KHTML, like Gecko) Chrome/137.0.7151.119 Mobile Safari/537.36 (compatible; Googlebot/2.1; +http://www.google.com/bot.html)"
66.249.71.128 - - [07/Jul/2025:08:00:29 +0700] "GET /js/uikit.min.js HTTP/1.0" 200 404 "https://ygf26.ygflive.com/" "Mozilla/5.0 AppleWebKit/537.36 (KHTML, like Gecko; compatible; Googlebot/2.1; +http://www.google.com/bot.html) Chrome/137.0.7151.119 Safari/537.36"
66.249.71.128 - - [07/Jul/2025:08:00:30 +0700] "GET /js/uikit.min.js HTTP/1.0" 200 404 "https://ygf26.ygflive.com/" "Mozilla/5.0 (Linux; Android 6.0.1; Nexus 5X Build/MMB29P) AppleWebKit/537.36 (KHTML, like Gecko) Chrome/137.0.7151.119 Mobile Safari/537.36 (compatible; Googlebot/2.1; +http://www.google.com/bot.html)"
66.249.69.166 - - [07/Jul/2025:08:00:30 +0700] "GET /images/workshop-button.svg HTTP/1.0" 200 406 "https://ygf26.ygflive.com/" "Mozilla/5.0 (Linux; Android 6.0.1; Nexus 5X Build/MMB29P) AppleWebKit/537.36 (KHTML, like Gecko) Chrome/137.0.7151.119 Mobile Safari/537.36 (compatible; Googlebot/2.1; +http://www.google.com/bot.html)"
66.249.69.166 - - [07/Jul/2025:08:00:30 +0700] "GET /images/workshop-button.svg HTTP/1.0" 200 406 "https://ygf26.ygflive.com/" "Mozilla/5.0 AppleWebKit/537.36 (KHTML, like Gecko; compatible; Googlebot/2.1; +http://www.google.com/bot.html) Chrome/137.0.7151.119 Safari/537.36"
66.249.71.128 - - [07/Jul/2025:08:00:30 +0700] "GET /images/concert-button.svg HTTP/1.0" 200 405 "https://ygf26.ygflive.com/" "Mozilla/5.0 AppleWebKit/537.36 (KHTML, like Gecko; compatible; Googlebot/2.1; +http://www.google.com/bot.html) Chrome/137.0.7151.119 Safari/537.36"
66.249.71.128 - - [07/Jul/2025:08:00:30 +0700] "GET /js/uikit.min.js HTTP/1.1" 200 39878 "https://ygf26.ygflive.com/" "Mozilla/5.0 (Linux; Android 6.0.1; Nexus 5X Build/MMB29P) AppleWebKit/537.36 (KHTML, like Gecko) Chrome/137.0.7151.119 Mobile Safari/537.36 (compatible; Googlebot/2.1; +http://www.google.com/bot.html)"
66.249.69.166 - - [07/Jul/2025:08:00:30 +0700] "GET /images/workshop-button.svg HTTP/1.1" 200 4348 "https://ygf26.ygflive.com/" "Mozilla/5.0 (Linux; Android 6.0.1; Nexus 5X Build/MMB29P) AppleWebKit/537.36 (KHTML, like Gecko) Chrome/137.0.7151.119 Mobile Safari/537.36 (compatible; Googlebot/2.1; +http://www.google.com/bot.html)"
66.249.69.166 - - [07/Jul/2025:08:00:30 +0700] "GET /images/workshop-button.svg HTTP/1.1" 200 4348 "https://ygf26.ygflive.com/" "Mozilla/5.0 AppleWebKit/537.36 (KHTML, like Gecko; compatible; Googlebot/2.1; +http://www.google.com/bot.html) Chrome/137.0.7151.119 Safari/537.36"
66.249.71.128 - - [07/Jul/2025:08:00:30 +0700] "GET /images/concert-button.svg HTTP/1.1" 200 3607 "https://ygf26.ygflive.com/" "Mozilla/5.0 AppleWebKit/537.36 (KHTML, like Gecko; compatible; Googlebot/2.1; +http://www.google.com/bot.html) Chrome/137.0.7151.119 Safari/537.36"
66.249.71.128 - - [07/Jul/2025:08:00:31 +0700] "GET /images/concert-button.svg HTTP/1.1" 200 3607 "https://ygf26.ygflive.com/" "Mozilla/5.0 (Linux; Android 6.0.1; Nexus 5X Build/MMB29P) AppleWebKit/537.36 (KHTML, like Gecko) Chrome/137.0.7151.119 Mobile Safari/537.36 (compatible; Googlebot/2.1; +http://www.google.com/bot.html)"
66.249.69.166 - - [07/Jul/2025:08:00:31 +0700] "GET /images/rembug-budaya-button.svg HTTP/1.1" 200 5078 "https://ygf26.ygflive.com/" "Mozilla/5.0 (Linux; Android 6.0.1; Nexus 5X Build/MMB29P) AppleWebKit/537.36 (KHTML, like Gecko) Chrome/137.0.7151.119 Mobile Safari/537.36 (compatible; Googlebot/2.1; +http://www.google.com/bot.html)"
66.249.71.128 - - [07/Jul/2025:08:00:31 +0700] "GET /images/concert-button.svg HTTP/1.0" 200 405 "https://ygf26.ygflive.com/" "Mozilla/5.0 (Linux; Android 6.0.1; Nexus 5X Build/MMB29P) AppleWebKit/537.36 (KHTML, like Gecko) Chrome/137.0.7151.119 Mobile Safari/537.36 (compatible; Googlebot/2.1; +http://www.google.com/bot.html)"
66.249.69.166 - - [07/Jul/2025:08:00:31 +0700] "GET /images/rembug-budaya-button.svg HTTP/1.0" 200 411 "https://ygf26.ygflive.com/" "Mozilla/5.0 (Linux; Android 6.0.1; Nexus 5X Build/MMB29P) AppleWebKit/537.36 (KHTML, like Gecko) Chrome/137.0.7151.119 Mobile Safari/537.36 (compatible; Googlebot/2.1; +http://www.google.com/bot.html)"
66.249.69.166 - - [07/Jul/2025:08:00:32 +0700] "GET /images/rembug-budaya-button.svg HTTP/1.0" 200 411 "https://ygf26.ygflive.com/" "Mozilla/5.0 AppleWebKit/537.36 (KHTML, like Gecko; compatible; Googlebot/2.1; +http://www.google.com/bot.html) Chrome/137.0.7151.119 Safari/537.36"
66.249.69.166 - - [07/Jul/2025:08:00:32 +0700] "GET /js/uikit-icons.min.js HTTP/1.0" 200 410 "https://ygf26.ygflive.com/" "Mozilla/5.0 AppleWebKit/537.36 (KHTML, like Gecko; compatible; Googlebot/2.1; +http://www.google.com/bot.html) Chrome/137.0.7151.119 Safari/537.36"
66.249.71.128 - - [07/Jul/2025:08:00:32 +0700] "GET /js/uikit-icons.min.js HTTP/1.0" 200 410 "https://ygf26.ygflive.com/" "Mozilla/5.0 (Linux; Android 6.0.1; Nexus 5X Build/MMB29P) AppleWebKit/537.36 (KHTML, like Gecko) Chrome/137.0.7151.119 Mobile Safari/537.36 (compatible; Googlebot/2.1; +http://www.google.com/bot.html)"
66.249.69.166 - - [07/Jul/2025:08:00:32 +0700] "GET /images/rembug-budaya-button.svg HTTP/1.1" 200 5078 "https://ygf26.ygflive.com/" "Mozilla/5.0 AppleWebKit/537.36 (KHTML, like Gecko; compatible; Googlebot/2.1; +http://www.google.com/bot.html) Chrome/137.0.7151.119 Safari/537.36"
66.249.69.166 - - [07/Jul/2025:08:00:32 +0700] "GET /js/uikit-icons.min.js HTTP/1.1" 200 17358 "https://ygf26.ygflive.com/" "Mozilla/5.0 AppleWebKit/537.36 (KHTML, like Gecko; compatible; Googlebot/2.1; +http://www.google.com/bot.html) Chrome/137.0.7151.119 Safari/537.36"
66.249.71.128 - - [07/Jul/2025:08:00:32 +0700] "GET /js/uikit-icons.min.js HTTP/1.1" 200 17358 "https://ygf26.ygflive.com/" "Mozilla/5.0 (Linux; Android 6.0.1; Nexus 5X Build/MMB29P) AppleWebKit/537.36 (KHTML, like Gecko) Chrome/137.0.7151.119 Mobile Safari/537.36 (compatible; Googlebot/2.1; +http://www.google.com/bot.html)"
66.249.69.166 - - [07/Jul/2025:08:00:33 +0700] "GET /js/theme.js HTTP/1.1" 200 2525 "https://ygf26.ygflive.com/" "Mozilla/5.0 (Linux; Android 6.0.1; Nexus 5X Build/MMB29P) AppleWebKit/537.36 (KHTML, like Gecko) Chrome/137.0.7151.119 Mobile Safari/537.36 (compatible; Googlebot/2.1; +http://www.google.com/bot.html)"
66.249.69.166 - - [07/Jul/2025:08:00:33 +0700] "GET /js/theme.js HTTP/1.1" 200 2525 "https://ygf26.ygflive.com/" "Mozilla/5.0 AppleWebKit/537.36 (KHTML, like Gecko; compatible; Googlebot/2.1; +http://www.google.com/bot.html) Chrome/137.0.7151.119 Safari/537.36"
66.249.69.166 - - [07/Jul/2025:08:00:33 +0700] "GET /js/theme.js HTTP/1.0" 200 400 "https://ygf26.ygflive.com/" "Mozilla/5.0 (Linux; Android 6.0.1; Nexus 5X Build/MMB29P) AppleWebKit/537.36 (KHTML, like Gecko) Chrome/137.0.7151.119 Mobile Safari/537.36 (compatible; Googlebot/2.1; +http://www.google.com/bot.html)"
66.249.69.166 - - [07/Jul/2025:08:00:33 +0700] "GET /js/theme.js HTTP/1.0" 200 400 "https://ygf26.ygflive.com/" "Mozilla/5.0 AppleWebKit/537.36 (KHTML, like Gecko; compatible; Googlebot/2.1; +http://www.google.com/bot.html) Chrome/137.0.7151.119 Safari/537.36"
66.249.69.166 - - [07/Jul/2025:08:00:44 +0700] "GET /images/ygf.svg HTTP/1.0" 200 1347 "https://ygf26.ygflive.com/" "Mozilla/5.0 (Linux; Android 6.0.1; Nexus 5X Build/MMB29P) AppleWebKit/537.36 (KHTML, like Gecko) Chrome/137.0.7151.119 Mobile Safari/537.36 (compatible; Googlebot/2.1; +http://www.google.com/bot.html)"
66.249.69.166 - - [07/Jul/2025:08:00:44 +0700] "GET /images/komunitas-gayam.svg HTTP/1.0" 200 406 "https://ygf26.ygflive.com/" "Mozilla/5.0 (Linux; Android 6.0.1; Nexus 5X Build/MMB29P) AppleWebKit/537.36 (KHTML, like Gecko) Chrome/137.0.7151.119 Mobile Safari/537.36 (compatible; Googlebot/2.1; +http://www.google.com/bot.html)"
66.249.69.166 - - [07/Jul/2025:08:00:44 +0700] "GET /images/rembug-budaya-button.svg HTTP/1.0" 200 411 "https://ygf26.ygflive.com/" "Mozilla/5.0 (Linux; Android 6.0.1; Nexus 5X Build/MMB29P) AppleWebKit/537.36 (KHTML, like Gecko) Chrome/137.0.7151.119 Mobile Safari/537.36 (compatible; Googlebot/2.1; +http://www.google.com/bot.html)"
66.249.69.166 - - [07/Jul/2025:08:00:44 +0700] "GET /images/workshop-button.svg HTTP/1.0" 200 406 "https://ygf26.ygflive.com/" "Mozilla/5.0 (Linux; Android 6.0.1; Nexus 5X Build/MMB29P) AppleWebKit/537.36 (KHTML, like Gecko) Chrome/137.0.7151.119 Mobile Safari/537.36 (compatible; Googlebot/2.1; +http://www.google.com/bot.html)"
66.249.69.166 - - [07/Jul/2025:08:00:44 +0700] "GET /images/komunitas-gayam.svg HTTP/1.1" 200 10730 "https://ygf26.ygflive.com/" "Mozilla/5.0 (Linux; Android 6.0.1; Nexus 5X Build/MMB29P) AppleWebKit/537.36 (KHTML, like Gecko) Chrome/137.0.7151.119 Mobile Safari/537.36 (compatible; Googlebot/2.1; +http://www.google.com/bot.html)"
66.249.69.166 - - [07/Jul/2025:08:00:44 +0700] "GET /images/rembug-budaya-button.svg HTTP/1.1" 200 5078 "https://ygf26.ygflive.com/" "Mozilla/5.0 (Linux; Android 6.0.1; Nexus 5X Build/MMB29P) AppleWebKit/537.36 (KHTML, like Gecko) Chrome/137.0.7151.119 Mobile Safari/537.36 (compatible; Googlebot/2.1; +http://www.google.com/bot.html)"
66.249.69.166 - - [07/Jul/2025:08:00:44 +0700] "GET /images/workshop-button.svg HTTP/1.1" 200 4348 "https://ygf26.ygflive.com/" "Mozilla/5.0 (Linux; Android 6.0.1; Nexus 5X Build/MMB29P) AppleWebKit/537.36 (KHTML, like Gecko) Chrome/137.0.7151.119 Mobile Safari/537.36 (compatible; Googlebot/2.1; +http://www.google.com/bot.html)"
66.249.69.167 - - [07/Jul/2025:08:00:45 +0700] "GET /images/concert-button.svg HTTP/1.1" 200 3607 "https://ygf26.ygflive.com/" "Mozilla/5.0 (Linux; Android 6.0.1; Nexus 5X Build/MMB29P) AppleWebKit/537.36 (KHTML, like Gecko) Chrome/137.0.7151.119 Mobile Safari/537.36 (compatible; Googlebot/2.1; +http://www.google.com/bot.html)"
66.249.69.167 - - [07/Jul/2025:08:00:45 +0700] "GET /images/concert-button.svg HTTP/1.0" 200 405 "https://ygf26.ygflive.com/" "Mozilla/5.0 (Linux; Android 6.0.1; Nexus 5X Build/MMB29P) AppleWebKit/537.36 (KHTML, like Gecko) Chrome/137.0.7151.119 Mobile Safari/537.36 (compatible; Googlebot/2.1; +http://www.google.com/bot.html)"
66.249.71.129 - - [07/Jul/2025:08:00:47 +0700] "GET /images/komunitas-gayam.svg HTTP/1.0" 200 406 "https://ygf26.ygflive.com/" "Mozilla/5.0 AppleWebKit/537.36 (KHTML, like Gecko; compatible; Googlebot/2.1; +http://www.google.com/bot.html) Chrome/137.0.7151.119 Safari/537.36"
66.249.71.129 - - [07/Jul/2025:08:00:47 +0700] "GET /images/komunitas-gayam.svg HTTP/1.1" 200 10730 "https://ygf26.ygflive.com/" "Mozilla/5.0 AppleWebKit/537.36 (KHTML, like Gecko; compatible; Googlebot/2.1; +http://www.google.com/bot.html) Chrome/137.0.7151.119 Safari/537.36"
103.123.16.140 - - [07/Jul/2025:08:22:17 +0700] "GET / HTTP/1.0" 200 28893 "-" "Python/3.11 aiohttp/3.9.2"
103.123.16.140 - - [07/Jul/2025:08:52:18 +0700] "GET / HTTP/1.0" 200 28893 "-" "Python/3.11 aiohttp/3.9.2"
103.123.16.140 - - [07/Jul/2025:09:22:18 +0700] "GET / HTTP/1.0" 200 28893 "-" "Python/3.11 aiohttp/3.9.2"
103.123.16.140 - - [07/Jul/2025:09:52:18 +0700] "GET / HTTP/1.0" 200 28893 "-" "Python/3.11 aiohttp/3.9.2"
103.123.16.140 - - [07/Jul/2025:10:22:18 +0700] "GET / HTTP/1.0" 200 28893 "-" "Python/3.11 aiohttp/3.9.2"
103.123.16.140 - - [07/Jul/2025:10:52:19 +0700] "GET / HTTP/1.0" 200 28893 "-" "Python/3.11 aiohttp/3.9.2"
103.123.16.140 - - [07/Jul/2025:11:22:19 +0700] "GET / HTTP/1.0" 200 28893 "-" "Python/3.11 aiohttp/3.9.2"
103.123.16.140 - - [07/Jul/2025:11:52:20 +0700] "GET / HTTP/1.0" 200 28893 "-" "Python/3.11 aiohttp/3.9.2"
103.123.16.140 - - [07/Jul/2025:12:22:20 +0700] "GET / HTTP/1.0" 200 28893 "-" "Python/3.11 aiohttp/3.9.2"
103.123.16.140 - - [07/Jul/2025:12:52:20 +0700] "GET / HTTP/1.0" 200 28893 "-" "Python/3.11 aiohttp/3.9.2"
103.123.16.140 - - [07/Jul/2025:13:22:21 +0700] "GET / HTTP/1.0" 200 28893 "-" "Python/3.11 aiohttp/3.9.2"
103.123.16.140 - - [07/Jul/2025:13:52:21 +0700] "GET / HTTP/1.0" 200 28893 "-" "Python/3.11 aiohttp/3.9.2"
103.123.16.140 - - [07/Jul/2025:14:22:21 +0700] "GET / HTTP/1.0" 200 28893 "-" "Python/3.11 aiohttp/3.9.2"
103.123.16.140 - - [07/Jul/2025:14:52:22 +0700] "GET / HTTP/1.0" 200 28893 "-" "Python/3.11 aiohttp/3.9.2"
103.123.16.140 - - [07/Jul/2025:15:22:22 +0700] "GET / HTTP/1.0" 200 28893 "-" "Python/3.11 aiohttp/3.9.2"
103.123.16.140 - - [07/Jul/2025:15:52:22 +0700] "GET / HTTP/1.0" 200 28893 "-" "Python/3.11 aiohttp/3.9.2"
103.123.16.140 - - [07/Jul/2025:16:22:23 +0700] "GET / HTTP/1.0" 200 28893 "-" "Python/3.11 aiohttp/3.9.2"
103.123.16.140 - - [07/Jul/2025:16:52:23 +0700] "GET / HTTP/1.0" 200 28893 "-" "Python/3.11 aiohttp/3.9.2"
103.123.16.140 - - [07/Jul/2025:17:22:23 +0700] "GET / HTTP/1.0" 200 28893 "-" "Python/3.11 aiohttp/3.9.2"
103.123.16.140 - - [07/Jul/2025:17:52:24 +0700] "GET / HTTP/1.0" 200 28893 "-" "Python/3.11 aiohttp/3.9.2"
103.123.16.140 - - [07/Jul/2025:18:22:24 +0700] "GET / HTTP/1.0" 200 28893 "-" "Python/3.11 aiohttp/3.9.2"
103.123.16.140 - - [07/Jul/2025:18:52:24 +0700] "GET / HTTP/1.0" 200 28893 "-" "Python/3.11 aiohttp/3.9.2"
103.123.16.140 - - [07/Jul/2025:19:22:25 +0700] "GET / HTTP/1.0" 200 28893 "-" "Python/3.11 aiohttp/3.9.2"
103.123.16.140 - - [07/Jul/2025:19:52:25 +0700] "GET / HTTP/1.0" 200 28893 "-" "Python/3.11 aiohttp/3.9.2"
103.123.16.140 - - [07/Jul/2025:20:22:26 +0700] "GET / HTTP/1.0" 200 28893 "-" "Python/3.11 aiohttp/3.9.2"
103.123.16.140 - - [07/Jul/2025:20:52:26 +0700] "GET / HTTP/1.0" 200 28893 "-" "Python/3.11 aiohttp/3.9.2"
43.135.185.59 - - [07/Jul/2025:20:53:38 +0700] "GET / HTTP/1.0" 200 28978 "http://ygf26.ygflive.com" "Mozilla/5.0 (iPhone; CPU iPhone OS 13_2_3 like Mac OS X) AppleWebKit/605.1.15 (KHTML, like Gecko) Version/13.0.3 Mobile/15E148 Safari/604.1"
43.167.232.38 - - [07/Jul/2025:21:06:20 +0700] "GET / HTTP/1.0" 200 28978 "-" "Mozilla/5.0 (iPhone; CPU iPhone OS 13_2_3 like Mac OS X) AppleWebKit/605.1.15 (KHTML, like Gecko) Version/13.0.3 Mobile/15E148 Safari/604.1"
43.155.26.193 - - [07/Jul/2025:21:21:08 +0700] "GET /about HTTP/1.0" 200 17589 "-" "Mozilla/5.0 (iPhone; CPU iPhone OS 13_2_3 like Mac OS X) AppleWebKit/605.1.15 (KHTML, like Gecko) Version/13.0.3 Mobile/15E148 Safari/604.1"
103.123.16.140 - - [07/Jul/2025:21:22:27 +0700] "GET / HTTP/1.0" 200 28893 "-" "Python/3.11 aiohttp/3.9.2"
103.123.16.140 - - [07/Jul/2025:21:52:26 +0700] "GET / HTTP/1.0" 200 28893 "-" "Python/3.11 aiohttp/3.9.2"
103.123.16.140 - - [07/Jul/2025:22:22:27 +0700] "GET / HTTP/1.0" 200 28893 "-" "Python/3.11 aiohttp/3.9.2"
54.74.57.18 - - [07/Jul/2025:22:46:44 +0700] "GET / HTTP/1.0" 200 28893 "-" "Mozilla/5.0 (compatible; NetcraftSurveyAgent/1.0; +info@netcraft.com)"
103.123.16.140 - - [07/Jul/2025:22:52:27 +0700] "GET / HTTP/1.0" 200 28893 "-" "Python/3.11 aiohttp/3.9.2"
103.123.16.140 - - [07/Jul/2025:23:22:28 +0700] "GET / HTTP/1.0" 200 28893 "-" "Python/3.11 aiohttp/3.9.2"
103.123.16.140 - - [07/Jul/2025:23:52:28 +0700] "GET / HTTP/1.0" 200 28893 "-" "Python/3.11 aiohttp/3.9.2"
103.123.16.140 - - [08/Jul/2025:00:22:28 +0700] "GET / HTTP/1.0" 200 28893 "-" "Python/3.11 aiohttp/3.9.2"
103.123.16.140 - - [08/Jul/2025:00:52:28 +0700] "GET / HTTP/1.0" 200 28893 "-" "Python/3.11 aiohttp/3.9.2"
103.123.16.140 - - [08/Jul/2025:01:22:29 +0700] "GET / HTTP/1.0" 200 28893 "-" "Python/3.11 aiohttp/3.9.2"
17.241.219.45 - - [08/Jul/2025:01:27:53 +0700] "GET /robots.txt HTTP/1.0" 200 474 "-" "Mozilla/5.0 (Macintosh; Intel Mac OS X 10_15_7) AppleWebKit/605.1.15 (KHTML, like Gecko) Version/17.4 Safari/605.1.15 (Applebot/0.1; +http://www.apple.com/go/applebot)"
17.241.219.45 - - [08/Jul/2025:01:27:54 +0700] "GET /partner HTTP/1.0" 200 5685 "-" "Mozilla/5.0 (Macintosh; Intel Mac OS X 10_15_7) AppleWebKit/605.1.15 (KHTML, like Gecko) Version/17.4 Safari/605.1.15 (Applebot/0.1; +http://www.apple.com/go/applebot)"
17.241.75.25 - - [08/Jul/2025:01:31:49 +0700] "GET /js/theme.js HTTP/1.0" 200 400 "https://ygf26.ygflive.com/partner" "Mozilla/5.0 (Macintosh; Intel Mac OS X 10_15_7) AppleWebKit/605.1.15 (KHTML, like Gecko) Version/17.4 Safari/605.1.15 (Applebot/0.1; +http://www.apple.com/go/applebot)"
17.241.75.25 - - [08/Jul/2025:01:31:49 +0700] "GET /js/theme.js HTTP/1.1" 200 8143 "https://ygf26.ygflive.com/partner" "Mozilla/5.0 (Macintosh; Intel Mac OS X 10_15_7) AppleWebKit/605.1.15 (KHTML, like Gecko) Version/17.4 Safari/605.1.15 (Applebot/0.1; +http://www.apple.com/go/applebot)"
17.241.75.40 - - [08/Jul/2025:01:31:50 +0700] "GET /css/theme.css HTTP/1.1" 200 478959 "https://ygf26.ygflive.com/partner" "Mozilla/5.0 (Macintosh; Intel Mac OS X 10_15_7) AppleWebKit/605.1.15 (KHTML, like Gecko) Version/17.4 Safari/605.1.15 (Applebot/0.1; +http://www.apple.com/go/applebot)"
17.241.75.159 - - [08/Jul/2025:01:31:50 +0700] "GET /js/uikit.min.js HTTP/1.1" 200 131443 "https://ygf26.ygflive.com/partner" "Mozilla/5.0 (Macintosh; Intel Mac OS X 10_15_7) AppleWebKit/605.1.15 (KHTML, like Gecko) Version/17.4 Safari/605.1.15 (Applebot/0.1; +http://www.apple.com/go/applebot)"
17.241.75.40 - - [08/Jul/2025:01:31:50 +0700] "GET /css/theme.css HTTP/1.0" 200 388 "https://ygf26.ygflive.com/partner" "Mozilla/5.0 (Macintosh; Intel Mac OS X 10_15_7) AppleWebKit/605.1.15 (KHTML, like Gecko) Version/17.4 Safari/605.1.15 (Applebot/0.1; +http://www.apple.com/go/applebot)"
17.241.75.159 - - [08/Jul/2025:01:31:50 +0700] "GET /js/uikit.min.js HTTP/1.0" 200 404 "https://ygf26.ygflive.com/partner" "Mozilla/5.0 (Macintosh; Intel Mac OS X 10_15_7) AppleWebKit/605.1.15 (KHTML, like Gecko) Version/17.4 Safari/605.1.15 (Applebot/0.1; +http://www.apple.com/go/applebot)"
17.241.75.236 - - [08/Jul/2025:01:31:51 +0700] "GET /js/uikit-icons.min.js HTTP/1.0" 200 410 "https://ygf26.ygflive.com/partner" "Mozilla/5.0 (Macintosh; Intel Mac OS X 10_15_7) AppleWebKit/605.1.15 (KHTML, like Gecko) Version/17.4 Safari/605.1.15 (Applebot/0.1; +http://www.apple.com/go/applebot)"
17.241.75.236 - - [08/Jul/2025:01:31:51 +0700] "GET /js/uikit-icons.min.js HTTP/1.1" 200 64042 "https://ygf26.ygflive.com/partner" "Mozilla/5.0 (Macintosh; Intel Mac OS X 10_15_7) AppleWebKit/605.1.15 (KHTML, like Gecko) Version/17.4 Safari/605.1.15 (Applebot/0.1; +http://www.apple.com/go/applebot)"
17.241.75.40 - - [08/Jul/2025:01:31:52 +0700] "GET /images/komunitas-gayam.svg HTTP/1.1" 200 10730 "https://ygf26.ygflive.com/partner" "Mozilla/5.0 (Macintosh; Intel Mac OS X 10_15_7) AppleWebKit/605.1.15 (KHTML, like Gecko) Version/17.4 Safari/605.1.15 (Applebot/0.1; +http://www.apple.com/go/applebot)"
17.241.75.40 - - [08/Jul/2025:01:31:52 +0700] "GET /images/komunitas-gayam.svg HTTP/1.0" 200 406 "https://ygf26.ygflive.com/partner" "Mozilla/5.0 (Macintosh; Intel Mac OS X 10_15_7) AppleWebKit/605.1.15 (KHTML, like Gecko) Version/17.4 Safari/605.1.15 (Applebot/0.1; +http://www.apple.com/go/applebot)"
17.241.75.159 - - [08/Jul/2025:01:31:52 +0700] "GET /images/ygf.svg HTTP/1.0" 200 1347 "https://ygf26.ygflive.com/partner" "Mozilla/5.0 (Macintosh; Intel Mac OS X 10_15_7) AppleWebKit/605.1.15 (KHTML, like Gecko) Version/17.4 Safari/605.1.15 (Applebot/0.1; +http://www.apple.com/go/applebot)"
104.152.52.161 - - [08/Jul/2025:01:32:54 +0700] "GET / HTTP/1.0" 200 28893 "-" "curl/7.61.1"
104.152.52.161 - - [08/Jul/2025:01:32:55 +0700] "GET /favicon/android-icon-192x192.png HTTP/1.0" 200 408 "-" "curl/7.61.1"
104.152.52.161 - - [08/Jul/2025:01:32:55 +0700] "GET /favicon/android-icon-192x192.png HTTP/1.1" 200 53752 "-" "curl/7.61.1"
104.152.52.161 - - [08/Jul/2025:01:32:56 +0700] "GET /favicon/favicon-32x32.png HTTP/1.1" 200 3231 "-" "curl/7.61.1"
104.152.52.161 - - [08/Jul/2025:01:32:56 +0700] "GET /favicon/favicon-32x32.png HTTP/1.0" 200 401 "-" "curl/7.61.1"
103.123.16.140 - - [08/Jul/2025:01:52:29 +0700] "GET / HTTP/1.0" 200 28893 "-" "Python/3.11 aiohttp/3.9.2"
103.123.16.140 - - [08/Jul/2025:02:22:30 +0700] "GET / HTTP/1.0" 200 28893 "-" "Python/3.11 aiohttp/3.9.2"
103.123.16.140 - - [08/Jul/2025:02:52:30 +0700] "GET / HTTP/1.0" 200 28893 "-" "Python/3.11 aiohttp/3.9.2"
103.123.16.140 - - [08/Jul/2025:03:22:31 +0700] "GET / HTTP/1.0" 200 30305 "-" "Python/3.11 aiohttp/3.9.2"
103.123.16.140 - - [08/Jul/2025:03:52:31 +0700] "GET / HTTP/1.0" 200 28893 "-" "Python/3.11 aiohttp/3.9.2"
103.123.16.140 - - [08/Jul/2025:04:22:31 +0700] "GET / HTTP/1.0" 200 28893 "-" "Python/3.11 aiohttp/3.9.2"
103.123.16.140 - - [08/Jul/2025:04:52:32 +0700] "GET / HTTP/1.0" 200 28893 "-" "Python/3.11 aiohttp/3.9.2"
103.123.16.140 - - [08/Jul/2025:05:22:32 +0700] "GET / HTTP/1.0" 200 28893 "-" "Python/3.11 aiohttp/3.9.2"
103.123.16.140 - - [08/Jul/2025:05:52:33 +0700] "GET / HTTP/1.0" 200 28893 "-" "Python/3.11 aiohttp/3.9.2"
103.123.16.140 - - [08/Jul/2025:06:22:33 +0700] "GET / HTTP/1.0" 200 28893 "-" "Python/3.11 aiohttp/3.9.2"
103.123.16.140 - - [08/Jul/2025:06:52:33 +0700] "GET / HTTP/1.0" 200 28893 "-" "Python/3.11 aiohttp/3.9.2"
103.123.16.140 - - [08/Jul/2025:07:22:34 +0700] "GET / HTTP/1.0" 200 28893 "-" "Python/3.11 aiohttp/3.9.2"
103.123.16.140 - - [08/Jul/2025:07:52:34 +0700] "GET / HTTP/1.0" 200 28893 "-" "Python/3.11 aiohttp/3.9.2"
