66.249.79.70 - - [07/Jul/2025:23:18:12 +0700] "GET /about HTTP/1.0" 200 8028 "-" "Mozilla/5.0 (Linux; Android 6.0.1; Nexus 5X Build/MMB29P) AppleWebKit/537.36 (KHTML, like Gecko) Chrome/137.0.7151.103 Mobile Safari/537.36 (compatible; Googlebot/2.1; +http://www.google.com/bot.html)"
103.123.16.140 - - [07/Jul/2025:23:22:53 +0700] "GET / HTTP/1.0" 200 34891 "-" "Python/3.11 aiohttp/3.9.2"
103.123.16.140 - - [07/Jul/2025:23:52:54 +0700] "GET / HTTP/1.0" 200 34891 "-" "Python/3.11 aiohttp/3.9.2"
31.13.115.112 - - [08/Jul/2025:00:10:42 +0700] "GET /?fbclid=IwZXh0bgNhZW0CMTEAAR7yQGTaIfPIbzSR22lqeD1E-HNw0H-mhwo_iQhU7Kp9n4W80Vpf-ToFr1AEDg_aem_NwDG4G4PeGi-HOGRROYfRA HTTP/1.0" 200 35664 "-" "Mozilla/5.0 (iPhone; CPU iPhone OS 17_6_1 like Mac OS X) AppleWebKit/605.1.15 (KHTML, like Gecko) Version/17.6 Mobile/15E148 Safari/604.1"
31.13.115.112 - - [08/Jul/2025:00:10:45 +0700] "GET /css/theme.css HTTP/1.0" 200 388 "https://ygflive.com/?fbclid=IwZXh0bgNhZW0CMTEAAR7yQGTaIfPIbzSR22lqeD1E-HNw0H-mhwo_iQhU7Kp9n4W80Vpf-ToFr1AEDg_aem_NwDG4G4PeGi-HOGRROYfRA" "Mozilla/5.0 (iPhone; CPU iPhone OS 17_6_1 like Mac OS X) AppleWebKit/605.1.15 (KHTML, like Gecko) Version/17.6 Mobile/15E148 Safari/604.1"
31.13.115.112 - - [08/Jul/2025:00:10:45 +0700] "GET /js/uikit.min.js HTTP/1.0" 200 404 "https://ygflive.com/?fbclid=IwZXh0bgNhZW0CMTEAAR7yQGTaIfPIbzSR22lqeD1E-HNw0H-mhwo_iQhU7Kp9n4W80Vpf-ToFr1AEDg_aem_NwDG4G4PeGi-HOGRROYfRA" "Mozilla/5.0 (iPhone; CPU iPhone OS 17_6_1 like Mac OS X) AppleWebKit/605.1.15 (KHTML, like Gecko) Version/17.6 Mobile/15E148 Safari/604.1"
31.13.115.112 - - [08/Jul/2025:00:10:45 +0700] "GET /css/fontawesome.min.css HTTP/1.0" 200 398 "https://ygflive.com/?fbclid=IwZXh0bgNhZW0CMTEAAR7yQGTaIfPIbzSR22lqeD1E-HNw0H-mhwo_iQhU7Kp9n4W80Vpf-ToFr1AEDg_aem_NwDG4G4PeGi-HOGRROYfRA" "Mozilla/5.0 (iPhone; CPU iPhone OS 17_6_1 like Mac OS X) AppleWebKit/605.1.15 (KHTML, like Gecko) Version/17.6 Mobile/15E148 Safari/604.1"
31.13.115.112 - - [08/Jul/2025:00:10:45 +0700] "GET /js/uikit.min.js HTTP/2.0" 200 39868 "https://ygflive.com/?fbclid=IwZXh0bgNhZW0CMTEAAR7yQGTaIfPIbzSR22lqeD1E-HNw0H-mhwo_iQhU7Kp9n4W80Vpf-ToFr1AEDg_aem_NwDG4G4PeGi-HOGRROYfRA" "Mozilla/5.0 (iPhone; CPU iPhone OS 17_6_1 like Mac OS X) AppleWebKit/605.1.15 (KHTML, like Gecko) Version/17.6 Mobile/15E148 Safari/604.1"
31.13.115.112 - - [08/Jul/2025:00:10:45 +0700] "GET /css/theme.css HTTP/2.0" 200 47357 "https://ygflive.com/?fbclid=IwZXh0bgNhZW0CMTEAAR7yQGTaIfPIbzSR22lqeD1E-HNw0H-mhwo_iQhU7Kp9n4W80Vpf-ToFr1AEDg_aem_NwDG4G4PeGi-HOGRROYfRA" "Mozilla/5.0 (iPhone; CPU iPhone OS 17_6_1 like Mac OS X) AppleWebKit/605.1.15 (KHTML, like Gecko) Version/17.6 Mobile/15E148 Safari/604.1"
31.13.115.112 - - [08/Jul/2025:00:10:45 +0700] "GET /css/fontawesome.min.css HTTP/2.0" 200 21636 "https://ygflive.com/?fbclid=IwZXh0bgNhZW0CMTEAAR7yQGTaIfPIbzSR22lqeD1E-HNw0H-mhwo_iQhU7Kp9n4W80Vpf-ToFr1AEDg_aem_NwDG4G4PeGi-HOGRROYfRA" "Mozilla/5.0 (iPhone; CPU iPhone OS 17_6_1 like Mac OS X) AppleWebKit/605.1.15 (KHTML, like Gecko) Version/17.6 Mobile/15E148 Safari/604.1"
31.13.115.112 - - [08/Jul/2025:00:10:46 +0700] "GET /js/fontawesome.min.js HTTP/1.0" 200 410 "https://ygflive.com/?fbclid=IwZXh0bgNhZW0CMTEAAR7yQGTaIfPIbzSR22lqeD1E-HNw0H-mhwo_iQhU7Kp9n4W80Vpf-ToFr1AEDg_aem_NwDG4G4PeGi-HOGRROYfRA" "Mozilla/5.0 (iPhone; CPU iPhone OS 17_6_1 like Mac OS X) AppleWebKit/605.1.15 (KHTML, like Gecko) Version/17.6 Mobile/15E148 Safari/604.1"
31.13.115.112 - - [08/Jul/2025:00:10:46 +0700] "GET /images/komunitas-gayam.svg HTTP/1.0" 200 406 "https://ygflive.com/?fbclid=IwZXh0bgNhZW0CMTEAAR7yQGTaIfPIbzSR22lqeD1E-HNw0H-mhwo_iQhU7Kp9n4W80Vpf-ToFr1AEDg_aem_NwDG4G4PeGi-HOGRROYfRA" "Mozilla/5.0 (iPhone; CPU iPhone OS 17_6_1 like Mac OS X) AppleWebKit/605.1.15 (KHTML, like Gecko) Version/17.6 Mobile/15E148 Safari/604.1"
31.13.115.112 - - [08/Jul/2025:00:10:46 +0700] "GET /images/ygf.svg HTTP/1.0" 200 1347 "https://ygflive.com/?fbclid=IwZXh0bgNhZW0CMTEAAR7yQGTaIfPIbzSR22lqeD1E-HNw0H-mhwo_iQhU7Kp9n4W80Vpf-ToFr1AEDg_aem_NwDG4G4PeGi-HOGRROYfRA" "Mozilla/5.0 (iPhone; CPU iPhone OS 17_6_1 like Mac OS X) AppleWebKit/605.1.15 (KHTML, like Gecko) Version/17.6 Mobile/15E148 Safari/604.1"
31.13.115.112 - - [08/Jul/2025:00:10:47 +0700] "GET /images/REMBUG-03.jpg HTTP/1.0" 200 397 "https://ygflive.com/?fbclid=IwZXh0bgNhZW0CMTEAAR7yQGTaIfPIbzSR22lqeD1E-HNw0H-mhwo_iQhU7Kp9n4W80Vpf-ToFr1AEDg_aem_NwDG4G4PeGi-HOGRROYfRA" "Mozilla/5.0 (iPhone; CPU iPhone OS 17_6_1 like Mac OS X) AppleWebKit/605.1.15 (KHTML, like Gecko) Version/17.6 Mobile/15E148 Safari/604.1"
31.13.115.112 - - [08/Jul/2025:00:10:47 +0700] "GET /images/LOKAKARYA-01.jpg HTTP/1.0" 200 400 "https://ygflive.com/?fbclid=IwZXh0bgNhZW0CMTEAAR7yQGTaIfPIbzSR22lqeD1E-HNw0H-mhwo_iQhU7Kp9n4W80Vpf-ToFr1AEDg_aem_NwDG4G4PeGi-HOGRROYfRA" "Mozilla/5.0 (iPhone; CPU iPhone OS 17_6_1 like Mac OS X) AppleWebKit/605.1.15 (KHTML, like Gecko) Version/17.6 Mobile/15E148 Safari/604.1"
31.13.115.112 - - [08/Jul/2025:00:10:47 +0700] "GET /js/fontawesome.min.js HTTP/2.0" 200 476127 "https://ygflive.com/?fbclid=IwZXh0bgNhZW0CMTEAAR7yQGTaIfPIbzSR22lqeD1E-HNw0H-mhwo_iQhU7Kp9n4W80Vpf-ToFr1AEDg_aem_NwDG4G4PeGi-HOGRROYfRA" "Mozilla/5.0 (iPhone; CPU iPhone OS 17_6_1 like Mac OS X) AppleWebKit/605.1.15 (KHTML, like Gecko) Version/17.6 Mobile/15E148 Safari/604.1"
31.13.115.112 - - [08/Jul/2025:00:10:47 +0700] "GET /images/komunitas-gayam.svg HTTP/2.0" 200 13314 "https://ygflive.com/?fbclid=IwZXh0bgNhZW0CMTEAAR7yQGTaIfPIbzSR22lqeD1E-HNw0H-mhwo_iQhU7Kp9n4W80Vpf-ToFr1AEDg_aem_NwDG4G4PeGi-HOGRROYfRA" "Mozilla/5.0 (iPhone; CPU iPhone OS 17_6_1 like Mac OS X) AppleWebKit/605.1.15 (KHTML, like Gecko) Version/17.6 Mobile/15E148 Safari/604.1"
31.13.115.112 - - [08/Jul/2025:00:10:47 +0700] "GET /images/REMBUG-03.jpg HTTP/2.0" 200 372660 "https://ygflive.com/?fbclid=IwZXh0bgNhZW0CMTEAAR7yQGTaIfPIbzSR22lqeD1E-HNw0H-mhwo_iQhU7Kp9n4W80Vpf-ToFr1AEDg_aem_NwDG4G4PeGi-HOGRROYfRA" "Mozilla/5.0 (iPhone; CPU iPhone OS 17_6_1 like Mac OS X) AppleWebKit/605.1.15 (KHTML, like Gecko) Version/17.6 Mobile/15E148 Safari/604.1"
31.13.115.112 - - [08/Jul/2025:00:10:47 +0700] "GET /images/LOKAKARYA-01.jpg HTTP/2.0" 200 372489 "https://ygflive.com/?fbclid=IwZXh0bgNhZW0CMTEAAR7yQGTaIfPIbzSR22lqeD1E-HNw0H-mhwo_iQhU7Kp9n4W80Vpf-ToFr1AEDg_aem_NwDG4G4PeGi-HOGRROYfRA" "Mozilla/5.0 (iPhone; CPU iPhone OS 17_6_1 like Mac OS X) AppleWebKit/605.1.15 (KHTML, like Gecko) Version/17.6 Mobile/15E148 Safari/604.1"
31.13.115.112 - - [08/Jul/2025:00:10:48 +0700] "GET /images/mandala.png HTTP/2.0" 200 616761 "https://ygflive.com/?fbclid=IwZXh0bgNhZW0CMTEAAR7yQGTaIfPIbzSR22lqeD1E-HNw0H-mhwo_iQhU7Kp9n4W80Vpf-ToFr1AEDg_aem_NwDG4G4PeGi-HOGRROYfRA" "Mozilla/5.0 (iPhone; CPU iPhone OS 17_6_1 like Mac OS X) AppleWebKit/605.1.15 (KHTML, like Gecko) Version/17.6 Mobile/15E148 Safari/604.1"
31.13.115.112 - - [08/Jul/2025:00:10:48 +0700] "GET /js/uikit-icons.min.js HTTP/2.0" 200 17345 "https://ygflive.com/?fbclid=IwZXh0bgNhZW0CMTEAAR7yQGTaIfPIbzSR22lqeD1E-HNw0H-mhwo_iQhU7Kp9n4W80Vpf-ToFr1AEDg_aem_NwDG4G4PeGi-HOGRROYfRA" "Mozilla/5.0 (iPhone; CPU iPhone OS 17_6_1 like Mac OS X) AppleWebKit/605.1.15 (KHTML, like Gecko) Version/17.6 Mobile/15E148 Safari/604.1"
31.13.115.112 - - [08/Jul/2025:00:10:48 +0700] "GET /images/mandala.png HTTP/1.0" 200 394 "https://ygflive.com/?fbclid=IwZXh0bgNhZW0CMTEAAR7yQGTaIfPIbzSR22lqeD1E-HNw0H-mhwo_iQhU7Kp9n4W80Vpf-ToFr1AEDg_aem_NwDG4G4PeGi-HOGRROYfRA" "Mozilla/5.0 (iPhone; CPU iPhone OS 17_6_1 like Mac OS X) AppleWebKit/605.1.15 (KHTML, like Gecko) Version/17.6 Mobile/15E148 Safari/604.1"
31.13.115.112 - - [08/Jul/2025:00:10:48 +0700] "GET /js/uikit-icons.min.js HTTP/1.0" 200 410 "https://ygflive.com/?fbclid=IwZXh0bgNhZW0CMTEAAR7yQGTaIfPIbzSR22lqeD1E-HNw0H-mhwo_iQhU7Kp9n4W80Vpf-ToFr1AEDg_aem_NwDG4G4PeGi-HOGRROYfRA" "Mozilla/5.0 (iPhone; CPU iPhone OS 17_6_1 like Mac OS X) AppleWebKit/605.1.15 (KHTML, like Gecko) Version/17.6 Mobile/15E148 Safari/604.1"
31.13.115.112 - - [08/Jul/2025:00:10:49 +0700] "GET /js/theme.js HTTP/1.0" 200 400 "https://ygflive.com/?fbclid=IwZXh0bgNhZW0CMTEAAR7yQGTaIfPIbzSR22lqeD1E-HNw0H-mhwo_iQhU7Kp9n4W80Vpf-ToFr1AEDg_aem_NwDG4G4PeGi-HOGRROYfRA" "Mozilla/5.0 (iPhone; CPU iPhone OS 17_6_1 like Mac OS X) AppleWebKit/605.1.15 (KHTML, like Gecko) Version/17.6 Mobile/15E148 Safari/604.1"
31.13.115.112 - - [08/Jul/2025:00:10:49 +0700] "GET /js/theme.js HTTP/2.0" 200 2524 "https://ygflive.com/?fbclid=IwZXh0bgNhZW0CMTEAAR7yQGTaIfPIbzSR22lqeD1E-HNw0H-mhwo_iQhU7Kp9n4W80Vpf-ToFr1AEDg_aem_NwDG4G4PeGi-HOGRROYfRA" "Mozilla/5.0 (iPhone; CPU iPhone OS 17_6_1 like Mac OS X) AppleWebKit/605.1.15 (KHTML, like Gecko) Version/17.6 Mobile/15E148 Safari/604.1"
31.13.115.116 - - [08/Jul/2025:00:10:51 +0700] "GET /images/29bg.jpg HTTP/2.0" 200 111535 "https://ygflive.com/css/theme.css" "Mozilla/5.0 (iPhone; CPU iPhone OS 17_6_1 like Mac OS X) AppleWebKit/605.1.15 (KHTML, like Gecko) Version/17.6 Mobile/15E148 Safari/604.1"
31.13.115.116 - - [08/Jul/2025:00:10:51 +0700] "GET /images/29bg.jpg HTTP/1.0" 200 392 "https://ygflive.com/css/theme.css" "Mozilla/5.0 (iPhone; CPU iPhone OS 17_6_1 like Mac OS X) AppleWebKit/605.1.15 (KHTML, like Gecko) Version/17.6 Mobile/15E148 Safari/604.1"
31.13.115.116 - - [08/Jul/2025:00:10:52 +0700] "GET /webfonts/fa-brands-400.woff2 HTTP/1.0" 404 376 "https://ygflive.com/css/fontawesome.min.css" "Mozilla/5.0 (iPhone; CPU iPhone OS 17_6_1 like Mac OS X) AppleWebKit/605.1.15 (KHTML, like Gecko) Version/17.6 Mobile/15E148 Safari/604.1"
31.13.115.116 - - [08/Jul/2025:00:10:52 +0700] "GET /webfonts/fa-brands-400.ttf HTTP/1.0" 404 376 "https://ygflive.com/css/fontawesome.min.css" "Mozilla/5.0 (iPhone; CPU iPhone OS 17_6_1 like Mac OS X) AppleWebKit/605.1.15 (KHTML, like Gecko) Version/17.6 Mobile/15E148 Safari/604.1"
31.13.115.116 - - [08/Jul/2025:00:10:55 +0700] "GET /favicon/favicon-32x32.png HTTP/1.0" 200 401 "https://ygflive.com/?fbclid=IwZXh0bgNhZW0CMTEAAR7yQGTaIfPIbzSR22lqeD1E-HNw0H-mhwo_iQhU7Kp9n4W80Vpf-ToFr1AEDg_aem_NwDG4G4PeGi-HOGRROYfRA" "Mozilla/5.0 (iPhone; CPU iPhone OS 17_6_1 like Mac OS X) AppleWebKit/605.1.15 (KHTML, like Gecko) Version/17.6 Mobile/15E148 Safari/604.1"
31.13.115.3 - - [08/Jul/2025:00:10:55 +0700] "GET /favicon/manifest.json HTTP/1.0" 200 1217 "https://ygflive.com/?fbclid=IwZXh0bgNhZW0CMTEAAR7yQGTaIfPIbzSR22lqeD1E-HNw0H-mhwo_iQhU7Kp9n4W80Vpf-ToFr1AEDg_aem_NwDG4G4PeGi-HOGRROYfRA" "Mozilla/5.0 (iPhone; CPU iPhone OS 17_6_1 like Mac OS X) AppleWebKit/605.1.15 (KHTML, like Gecko) Version/17.6 Mobile/15E148 Safari/604.1"
31.13.115.116 - - [08/Jul/2025:00:10:55 +0700] "GET /favicon/favicon-32x32.png HTTP/2.0" 200 3753 "https://ygflive.com/?fbclid=IwZXh0bgNhZW0CMTEAAR7yQGTaIfPIbzSR22lqeD1E-HNw0H-mhwo_iQhU7Kp9n4W80Vpf-ToFr1AEDg_aem_NwDG4G4PeGi-HOGRROYfRA" "Mozilla/5.0 (iPhone; CPU iPhone OS 17_6_1 like Mac OS X) AppleWebKit/605.1.15 (KHTML, like Gecko) Version/17.6 Mobile/15E148 Safari/604.1"
31.13.127.14 - - [08/Jul/2025:00:14:11 +0700] "GET /images/mandala.png HTTP/1.0" 200 394 "-" "facebookexternalhit/1.1 (+http://www.facebook.com/externalhit_uatext.php)"
31.13.127.14 - - [08/Jul/2025:00:14:12 +0700] "GET /images/mandala.png HTTP/2.0" 200 616761 "-" "facebookexternalhit/1.1 (+http://www.facebook.com/externalhit_uatext.php)"
158.69.25.39 - - [08/Jul/2025:00:20:22 +0700] "GET / HTTP/1.0" 200 34891 "-" "Mozilla/5.0 (Windows NT 10.0; Win64; x64) AppleWebKit/537.36 (KHTML, like Gecko) Chrome/118.0.0.0 Safari/537.36"
103.123.16.140 - - [08/Jul/2025:00:22:54 +0700] "GET / HTTP/1.0" 200 34891 "-" "Python/3.11 aiohttp/3.9.2"
103.123.16.140 - - [08/Jul/2025:00:52:55 +0700] "GET / HTTP/1.0" 200 34891 "-" "Python/3.11 aiohttp/3.9.2"
51.222.253.2 - - [08/Jul/2025:01:03:43 +0700] "GET /robots.txt HTTP/1.0" 200 476 "-" "Mozilla/5.0 (compatible; AhrefsBot/7.0; +http://ahrefs.com/robot/)"
103.123.16.140 - - [08/Jul/2025:01:22:54 +0700] "GET / HTTP/1.0" 200 34891 "-" "Python/3.11 aiohttp/3.9.2"
114.119.139.205 - - [08/Jul/2025:01:37:18 +0700] "GET /news/26th-yogyakarta-gamelan-festival-2021-gamelan-hari-ini HTTP/1.0" 200 8123 "https://ygflive.com/news" "Mozilla/5.0 (Linux; Android 7.0;) AppleWebKit/537.36 (KHTML, like Gecko) Mobile Safari/537.36 (compatible; PetalBot;+https://webmaster.petalsearch.com/site/petalbot)"
103.123.16.140 - - [08/Jul/2025:01:52:54 +0700] "GET / HTTP/1.0" 200 34891 "-" "Python/3.11 aiohttp/3.9.2"
148.222.112.26 - - [08/Jul/2025:02:10:51 +0700] "POST /xmlrpc.php HTTP/1.1" 404 808 "-" "Mozilla/5.0 (Windows NT 10.0; Win64; x64) AppleWebKit/537.36 (KHTML, like Gecko) Chrome/91.0.4472.124 Safari/537.36"
64.140.131.235 - - [08/Jul/2025:02:11:34 +0700] "GET /images/artist/laboratorium-suku-karinding-towel-bandung.jpg HTTP/1.0" 404 376 "https://www.google.com/" "Mozilla/5.0 (Macintosh; Intel Mac OS X 10_15_7) AppleWebKit/605.1.15 (KHTML, like Gecko) Version/14.0.3 Safari/605.1.15"
14.155.225.25 - - [08/Jul/2025:02:21:53 +0700] "GET /robots.txt HTTP/1.0" 200 476 "-" "Mozilla/5.0 (Windows NT 10.0; WOW64) AppleWebKit/537.36 (KHTML, like Gecko) Chrome/77.0.3577.106 UBrowser/6.2.3964.2 Safari/537.36"
103.123.16.140 - - [08/Jul/2025:02:22:57 +0700] "GET / HTTP/1.0" 200 34891 "-" "Python/3.11 aiohttp/3.9.2"
51.222.253.15 - - [08/Jul/2025:02:38:51 +0700] "GET /robots.txt HTTP/1.0" 200 476 "-" "Mozilla/5.0 (compatible; AhrefsBot/7.0; +http://ahrefs.com/robot/)"
220.181.51.90 - - [08/Jul/2025:02:43:34 +0700] "GET /robots.txt HTTP/1.0" 200 476 "-" "Mozilla/5.0 (Windows NT 10.0; WOW64) AppleWebKit/537.36 (KHTML, like Gecko) Chrome/48.0.2564.116 Safari/537.36"
220.181.108.158 - - [08/Jul/2025:02:43:33 +0700] "GET / HTTP/1.0" 200 34891 "-" "Mozilla/5.0 (compatible; Baiduspider/2.0; +http://www.baidu.com/search/spider.html)"
220.181.108.82 - - [08/Jul/2025:02:43:34 +0700] "GET / HTTP/1.0" 200 35664 "-" "Mozilla/5.0 (Linux;u;Android 4.2.2;zh-cn;) AppleWebKit/534.46 (KHTML,like Gecko) Version/5.1 Mobile Safari/10600.6.3 (compatible; Baiduspider/2.0; +http://www.baidu.com/search/spider.html)"
116.179.37.157 - - [08/Jul/2025:02:43:37 +0700] "GET /images/ygf.svg HTTP/1.0" 200 1347 "https://ygflive.com/" "Mozilla/5.0 (iPhone; CPU iPhone OS 9_1 like Mac OS X) AppleWebKit/601.1.46 (KHTML, like Gecko) Version/9.0 Mobile/13B143 Safari/601.1 (compatible; Baiduspider-render/2.0; +http://www.baidu.com/search/spider.html)"
116.179.37.165 - - [08/Jul/2025:02:43:37 +0700] "GET /js/uikit.min.js HTTP/1.0" 200 404 "https://ygflive.com/" "Mozilla/5.0 (iPhone; CPU iPhone OS 9_1 like Mac OS X) AppleWebKit/601.1.46 (KHTML, like Gecko) Version/9.0 Mobile/13B143 Safari/601.1 (compatible; Baiduspider-render/2.0; +http://www.baidu.com/search/spider.html)"
116.179.37.83 - - [08/Jul/2025:02:43:37 +0700] "GET /js/fontawesome.min.js HTTP/1.0" 200 410 "https://ygflive.com/" "Mozilla/5.0 (iPhone; CPU iPhone OS 9_1 like Mac OS X) AppleWebKit/601.1.46 (KHTML, like Gecko) Version/9.0 Mobile/13B143 Safari/601.1 (compatible; Baiduspider-render/2.0; +http://www.baidu.com/search/spider.html)"
116.179.37.199 - - [08/Jul/2025:02:43:38 +0700] "GET /js/uikit.min.js HTTP/1.0" 200 404 "https://ygflive.com/" "Mozilla/5.0 (compatible; Baiduspider-render/2.0; +http://www.baidu.com/search/spider.html)"
116.179.37.236 - - [08/Jul/2025:02:43:38 +0700] "GET /js/fontawesome.min.js HTTP/1.0" 200 410 "https://ygflive.com/" "Mozilla/5.0 (compatible; Baiduspider-render/2.0; +http://www.baidu.com/search/spider.html)"
116.179.37.142 - - [08/Jul/2025:02:43:38 +0700] "GET /images/ygf.svg HTTP/1.0" 200 1347 "https://ygflive.com/" "Mozilla/5.0 (compatible; Baiduspider-render/2.0; +http://www.baidu.com/search/spider.html)"
116.179.37.165 - - [08/Jul/2025:02:43:38 +0700] "GET /js/uikit.min.js HTTP/1.1" 200 131445 "https://ygflive.com/" "Mozilla/5.0 (iPhone; CPU iPhone OS 9_1 like Mac OS X) AppleWebKit/601.1.46 (KHTML, like Gecko) Version/9.0 Mobile/13B143 Safari/601.1 (compatible; Baiduspider-render/2.0; +http://www.baidu.com/search/spider.html)"
116.179.37.199 - - [08/Jul/2025:02:43:39 +0700] "GET /js/uikit.min.js HTTP/1.1" 200 131445 "https://ygflive.com/" "Mozilla/5.0 (compatible; Baiduspider-render/2.0; +http://www.baidu.com/search/spider.html)"
116.179.37.83 - - [08/Jul/2025:02:43:40 +0700] "GET /js/fontawesome.min.js HTTP/1.1" 200 1514244 "https://ygflive.com/" "Mozilla/5.0 (iPhone; CPU iPhone OS 9_1 like Mac OS X) AppleWebKit/601.1.46 (KHTML, like Gecko) Version/9.0 Mobile/13B143 Safari/601.1 (compatible; Baiduspider-render/2.0; +http://www.baidu.com/search/spider.html)"
116.179.37.44 - - [08/Jul/2025:02:43:40 +0700] "GET /js/uikit-icons.min.js HTTP/1.1" 200 64044 "https://ygflive.com/" "Mozilla/5.0 (iPhone; CPU iPhone OS 9_1 like Mac OS X) AppleWebKit/601.1.46 (KHTML, like Gecko) Version/9.0 Mobile/13B143 Safari/601.1 (compatible; Baiduspider-render/2.0; +http://www.baidu.com/search/spider.html)"
116.179.37.44 - - [08/Jul/2025:02:43:40 +0700] "GET /js/uikit-icons.min.js HTTP/1.0" 200 410 "https://ygflive.com/" "Mozilla/5.0 (iPhone; CPU iPhone OS 9_1 like Mac OS X) AppleWebKit/601.1.46 (KHTML, like Gecko) Version/9.0 Mobile/13B143 Safari/601.1 (compatible; Baiduspider-render/2.0; +http://www.baidu.com/search/spider.html)"
116.179.37.101 - - [08/Jul/2025:02:43:40 +0700] "GET /js/uikit-icons.min.js HTTP/1.0" 200 410 "https://ygflive.com/" "Mozilla/5.0 (compatible; Baiduspider-render/2.0; +http://www.baidu.com/search/spider.html)"
116.179.37.113 - - [08/Jul/2025:02:43:41 +0700] "GET /js/theme.js HTTP/1.0" 200 400 "https://ygflive.com/" "Mozilla/5.0 (iPhone; CPU iPhone OS 9_1 like Mac OS X) AppleWebKit/601.1.46 (KHTML, like Gecko) Version/9.0 Mobile/13B143 Safari/601.1 (compatible; Baiduspider-render/2.0; +http://www.baidu.com/search/spider.html)"
116.179.37.202 - - [08/Jul/2025:02:43:41 +0700] "GET /images/ygf.svg HTTP/1.0" 200 1347 "https://ygflive.com/" "Mozilla/5.0 (iPhone; CPU iPhone OS 9_1 like Mac OS X) AppleWebKit/601.1.46 (KHTML, like Gecko) Version/9.0 Mobile/13B143 Safari/601.1 (compatible; Baiduspider-render/2.0; +http://www.baidu.com/search/spider.html)"
116.179.37.107 - - [08/Jul/2025:02:43:41 +0700] "GET /images/komunitas-gayam.svg HTTP/1.0" 200 406 "https://ygflive.com/" "Mozilla/5.0 (iPhone; CPU iPhone OS 9_1 like Mac OS X) AppleWebKit/601.1.46 (KHTML, like Gecko) Version/9.0 Mobile/13B143 Safari/601.1 (compatible; Baiduspider-render/2.0; +http://www.baidu.com/search/spider.html)"
116.179.37.35 - - [08/Jul/2025:02:43:41 +0700] "GET /webfonts/fa-brands-400.woff2 HTTP/1.0" 404 376 "https://ygflive.com/css/fontawesome.min.css" "Mozilla/5.0 (iPhone; CPU iPhone OS 9_1 like Mac OS X) AppleWebKit/601.1.46 (KHTML, like Gecko) Version/9.0 Mobile/13B143 Safari/601.1 (compatible; Baiduspider-render/2.0; +http://www.baidu.com/search/spider.html)"
116.179.37.101 - - [08/Jul/2025:02:43:41 +0700] "GET /js/uikit-icons.min.js HTTP/1.1" 200 64044 "https://ygflive.com/" "Mozilla/5.0 (compatible; Baiduspider-render/2.0; +http://www.baidu.com/search/spider.html)"
116.179.37.113 - - [08/Jul/2025:02:43:41 +0700] "GET /js/theme.js HTTP/1.1" 200 8325 "https://ygflive.com/" "Mozilla/5.0 (iPhone; CPU iPhone OS 9_1 like Mac OS X) AppleWebKit/601.1.46 (KHTML, like Gecko) Version/9.0 Mobile/13B143 Safari/601.1 (compatible; Baiduspider-render/2.0; +http://www.baidu.com/search/spider.html)"
116.179.37.107 - - [08/Jul/2025:02:43:41 +0700] "GET /images/komunitas-gayam.svg HTTP/1.1" 200 13314 "https://ygflive.com/" "Mozilla/5.0 (iPhone; CPU iPhone OS 9_1 like Mac OS X) AppleWebKit/601.1.46 (KHTML, like Gecko) Version/9.0 Mobile/13B143 Safari/601.1 (compatible; Baiduspider-render/2.0; +http://www.baidu.com/search/spider.html)"
116.179.37.184 - - [08/Jul/2025:02:43:42 +0700] "GET /js/theme.js HTTP/1.1" 200 8325 "https://ygflive.com/" "Mozilla/5.0 (compatible; Baiduspider-render/2.0; +http://www.baidu.com/search/spider.html)"
116.179.37.184 - - [08/Jul/2025:02:43:42 +0700] "GET /js/theme.js HTTP/1.0" 200 400 "https://ygflive.com/" "Mozilla/5.0 (compatible; Baiduspider-render/2.0; +http://www.baidu.com/search/spider.html)"
116.179.37.147 - - [08/Jul/2025:02:43:42 +0700] "GET /webfonts/fa-brands-400.ttf HTTP/1.0" 404 376 "https://ygflive.com/css/fontawesome.min.css" "Mozilla/5.0 (iPhone; CPU iPhone OS 9_1 like Mac OS X) AppleWebKit/601.1.46 (KHTML, like Gecko) Version/9.0 Mobile/13B143 Safari/601.1 (compatible; Baiduspider-render/2.0; +http://www.baidu.com/search/spider.html)"
116.179.37.236 - - [08/Jul/2025:02:43:44 +0700] "GET /js/fontawesome.min.js HTTP/1.1" 200 1244890 "https://ygflive.com/" "Mozilla/5.0 (compatible; Baiduspider-render/2.0; +http://www.baidu.com/search/spider.html)"
116.179.37.138 - - [08/Jul/2025:02:43:45 +0700] "GET /webfonts/fa-brands-400.woff2 HTTP/1.0" 404 376 "https://ygflive.com/css/fontawesome.min.css" "Mozilla/5.0 (compatible; Baiduspider-render/2.0; +http://www.baidu.com/search/spider.html)"
116.179.37.52 - - [08/Jul/2025:02:43:49 +0700] "GET /webfonts/fa-brands-400.ttf HTTP/1.0" 404 376 "https://ygflive.com/css/fontawesome.min.css" "Mozilla/5.0 (compatible; Baiduspider-render/2.0; +http://www.baidu.com/search/spider.html)"
103.123.16.140 - - [08/Jul/2025:02:52:57 +0700] "GET / HTTP/1.0" 200 34891 "-" "Python/3.11 aiohttp/3.9.2"
103.123.16.140 - - [08/Jul/2025:03:22:56 +0700] "GET / HTTP/1.0" 200 34891 "-" "Python/3.11 aiohttp/3.9.2"
103.123.16.140 - - [08/Jul/2025:03:53:00 +0700] "GET / HTTP/1.0" 200 34891 "-" "Python/3.11 aiohttp/3.9.2"
103.123.16.140 - - [08/Jul/2025:04:23:00 +0700] "GET / HTTP/1.0" 200 34891 "-" "Python/3.11 aiohttp/3.9.2"
213.180.203.47 - - [08/Jul/2025:04:50:44 +0700] "GET /robots.txt HTTP/1.0" 200 476 "-" "Mozilla/5.0 (compatible; YandexBot/3.0; +http://yandex.com/bots)"
94.130.237.182 - - [08/Jul/2025:04:52:07 +0700] "GET /robots.txt HTTP/1.0" 200 476 "-" "serpstatbot/2.1 (advanced backlink tracking bot; https://serpstatbot.com/; abuse@serpstatbot.com)"
94.130.237.182 - - [08/Jul/2025:04:52:07 +0700] "GET /program HTTP/1.0" 200 16704 "-" "serpstatbot/2.1 (advanced backlink tracking bot; https://serpstatbot.com/; abuse@serpstatbot.com)"
94.130.237.182 - - [08/Jul/2025:04:52:31 +0700] "GET /partners HTTP/1.0" 200 8033 "-" "serpstatbot/2.1 (advanced backlink tracking bot; https://serpstatbot.com/; abuse@serpstatbot.com)"
94.130.237.182 - - [08/Jul/2025:04:52:40 +0700] "GET /news/perhelatan-yogyakarta-gamelan-festival-ke-28-kembali-digelar-gamelan-yang-melampaui-dengungnya HTTP/1.0" 200 7353 "-" "serpstatbot/2.1 (advanced backlink tracking bot; https://serpstatbot.com/; abuse@serpstatbot.com)"
94.130.237.182 - - [08/Jul/2025:04:52:47 +0700] "GET /news/pengumuman-volunteer-yogyakarta-gamelan-festival-2024 HTTP/1.0" 200 9840 "-" "serpstatbot/2.1 (advanced backlink tracking bot; https://serpstatbot.com/; abuse@serpstatbot.com)"
94.130.237.182 - - [08/Jul/2025:04:52:57 +0700] "GET /news/lokakarya-dan-rembug-budaya-29th-yogyakarta-gamelan-festival HTTP/1.0" 200 13112 "-" "serpstatbot/2.1 (advanced backlink tracking bot; https://serpstatbot.com/; abuse@serpstatbot.com)"
103.123.16.140 - - [08/Jul/2025:04:53:02 +0700] "GET / HTTP/1.0" 200 34891 "-" "Python/3.11 aiohttp/3.9.2"
94.130.237.182 - - [08/Jul/2025:04:53:07 +0700] "GET /news/kolaborasi-gamelan-robot-dan-youngster-gamelan16-tutup-rangkaian-yogyakarta-gamelan-festival-ke-26 HTTP/1.0" 200 7353 "-" "serpstatbot/2.1 (advanced backlink tracking bot; https://serpstatbot.com/; abuse@serpstatbot.com)"
94.130.237.182 - - [08/Jul/2025:04:53:21 +0700] "GET /news/kemeriahan-konser-gamelan-ygf-29-dari-penampilan-grup-yogyakarta-sampai-kolaborasi-seniman-kanada-indonesia HTTP/1.0" 200 13571 "-" "serpstatbot/2.1 (advanced backlink tracking bot; https://serpstatbot.com/; abuse@serpstatbot.com)"
94.130.237.182 - - [08/Jul/2025:04:53:28 +0700] "GET /news/kemegahan-gaung-gamelan-menutup-festival-internasional-yogyakarta-gamelan-festival-ke-29 HTTP/1.0" 200 17719 "-" "serpstatbot/2.1 (advanced backlink tracking bot; https://serpstatbot.com/; abuse@serpstatbot.com)"
94.130.237.182 - - [08/Jul/2025:04:53:42 +0700] "GET /news/kemegahan-gaung-gamelan-awali-festival-internasional-yogyakarta-gamelan-festival-ke-28 HTTP/1.0" 200 7353 "-" "serpstatbot/2.1 (advanced backlink tracking bot; https://serpstatbot.com/; abuse@serpstatbot.com)"
94.130.237.182 - - [08/Jul/2025:04:53:54 +0700] "GET /news/gamelan-skena-otw-ygf-29 HTTP/1.0" 200 8533 "-" "serpstatbot/2.1 (advanced backlink tracking bot; https://serpstatbot.com/; abuse@serpstatbot.com)"
94.130.237.182 - - [08/Jul/2025:04:54:07 +0700] "GET /news/29th-yogyakarta-gamelan-festival-2024-piweling HTTP/1.0" 200 13412 "-" "serpstatbot/2.1 (advanced backlink tracking bot; https://serpstatbot.com/; abuse@serpstatbot.com)"
94.130.237.182 - - [08/Jul/2025:04:54:20 +0700] "GET /news/26th-yogyakarta-gamelan-festival-dibuka-konser-gamelan-berlatar-wayang-kreasul-sapto-raharjo HTTP/1.0" 200 7353 "-" "serpstatbot/2.1 (advanced backlink tracking bot; https://serpstatbot.com/; abuse@serpstatbot.com)"
94.130.237.182 - - [08/Jul/2025:04:54:31 +0700] "GET /news/26th-yogyakarta-gamelan-festival-2021-gamelan-hari-ini HTTP/1.0" 200 7353 "-" "serpstatbot/2.1 (advanced backlink tracking bot; https://serpstatbot.com/; abuse@serpstatbot.com)"
94.130.237.182 - - [08/Jul/2025:04:54:38 +0700] "GET /robots.txt HTTP/1.0" 200 476 "-" "serpstatbot/2.1 (advanced backlink tracking bot; https://serpstatbot.com/; abuse@serpstatbot.com)"
94.130.237.182 - - [08/Jul/2025:04:54:39 +0700] "GET / HTTP/1.0" 200 34891 "-" "serpstatbot/2.1 (advanced backlink tracking bot; https://serpstatbot.com/; abuse@serpstatbot.com)"
94.130.237.182 - - [08/Jul/2025:04:54:42 +0700] "GET /news HTTP/1.0" 200 30092 "-" "serpstatbot/2.1 (advanced backlink tracking bot; https://serpstatbot.com/; abuse@serpstatbot.com)"
94.130.237.182 - - [08/Jul/2025:04:54:53 +0700] "GET /merchandise HTTP/1.0" 200 9775 "-" "serpstatbot/2.1 (advanced backlink tracking bot; https://serpstatbot.com/; abuse@serpstatbot.com)"
94.130.237.182 - - [08/Jul/2025:04:55:04 +0700] "GET /galeri HTTP/1.0" 200 13457 "-" "serpstatbot/2.1 (advanced backlink tracking bot; https://serpstatbot.com/; abuse@serpstatbot.com)"
94.130.237.182 - - [08/Jul/2025:04:55:16 +0700] "GET /about HTTP/1.0" 200 7258 "-" "serpstatbot/2.1 (advanced backlink tracking bot; https://serpstatbot.com/; abuse@serpstatbot.com)"
94.130.237.182 - - [08/Jul/2025:04:55:27 +0700] "GET / HTTP/1.0" 200 34891 "-" "serpstatbot/2.1 (advanced backlink tracking bot; https://serpstatbot.com/; abuse@serpstatbot.com)"
94.130.237.182 - - [08/Jul/2025:04:55:37 +0700] "GET / HTTP/1.0" 200 34891 "-" "serpstatbot/2.1 (advanced backlink tracking bot; https://serpstatbot.com/; abuse@serpstatbot.com)"
94.156.132.54 - - [08/Jul/2025:04:56:48 +0700] "GET /wp-content/uploads/2018/06/news_75797_1501094573.jpg HTTP/1.0" 404 376 "https://www.google.com/" "Mozilla/5.0 (X11; Ubuntu; Linux x86_64; rv:72.0) Gecko/20100101 Firefox/72.0"
109.199.118.129 - - [08/Jul/2025:05:08:26 +0700] "GET / HTTP/1.0" 200 34891 "-" "Mozilla/5.0 (Windows NT 10.0; Win64; x64) AppleWebKit/537.36 (KHTML, like Gecko) Chrome/91.0.4472.114 Safari/537.36 Edg/91.0.864.54"
103.123.16.140 - - [08/Jul/2025:05:23:07 +0700] "GET / HTTP/1.0" 200 34891 "-" "Python/3.11 aiohttp/3.9.2"
51.68.236.87 - - [08/Jul/2025:05:50:02 +0700] "GET /robots.txt HTTP/1.0" 200 476 "-" "Mozilla/5.0 (compatible; MJ12bot/v2.0.2; http://mj12bot.com/)"
51.68.236.87 - - [08/Jul/2025:05:50:03 +0700] "GET / HTTP/1.0" 200 34891 "-" "Mozilla/5.0 (compatible; MJ12bot/v2.0.2; http://mj12bot.com/)"
103.123.16.140 - - [08/Jul/2025:05:53:05 +0700] "GET / HTTP/1.0" 200 34891 "-" "Python/3.11 aiohttp/3.9.2"
35.190.144.99 - - [08/Jul/2025:06:12:14 +0700] "GET /wordpress HTTP/1.0" 404 376 "http://ygflive.com/wordpress" "Mozilla/5.0 (Windows NT 10.0; Win64; x64) AppleWebKit/537.36 (KHTML, like Gecko) Chrome/74.0.3729.169 Safari/537.36"
35.190.144.99 - - [08/Jul/2025:06:12:15 +0700] "GET / HTTP/1.0" 200 25269 "http://ygflive.com/" "Mozilla/5.0 (Windows NT 10.0; Win64; x64) AppleWebKit/537.36 (KHTML, like Gecko) Chrome/74.0.3729.169 Safari/537.36"
35.190.144.99 - - [08/Jul/2025:06:12:18 +0700] "GET /wp HTTP/1.0" 404 376 "http://ygflive.com/wp" "Mozilla/5.0 (Windows NT 10.0; Win64; x64) AppleWebKit/537.36 (KHTML, like Gecko) Chrome/74.0.3729.169 Safari/537.36"
35.190.144.99 - - [08/Jul/2025:06:12:19 +0700] "GET /bc HTTP/1.0" 404 376 "http://ygflive.com/bc" "Mozilla/5.0 (Windows NT 10.0; Win64; x64) AppleWebKit/537.36 (KHTML, like Gecko) Chrome/74.0.3729.169 Safari/537.36"
35.190.144.99 - - [08/Jul/2025:06:12:19 +0700] "GET /bk HTTP/1.0" 404 376 "http://ygflive.com/bk" "Mozilla/5.0 (Windows NT 10.0; Win64; x64) AppleWebKit/537.36 (KHTML, like Gecko) Chrome/74.0.3729.169 Safari/537.36"
35.190.144.99 - - [08/Jul/2025:06:12:20 +0700] "GET /backup HTTP/1.0" 404 376 "http://ygflive.com/backup" "Mozilla/5.0 (Windows NT 10.0; Win64; x64) AppleWebKit/537.36 (KHTML, like Gecko) Chrome/74.0.3729.169 Safari/537.36"
35.190.144.99 - - [08/Jul/2025:06:12:20 +0700] "GET /old HTTP/1.0" 404 376 "http://ygflive.com/old" "Mozilla/5.0 (Windows NT 10.0; Win64; x64) AppleWebKit/537.36 (KHTML, like Gecko) Chrome/74.0.3729.169 Safari/537.36"
35.190.144.99 - - [08/Jul/2025:06:12:21 +0700] "GET /new HTTP/1.0" 404 376 "http://ygflive.com/new" "Mozilla/5.0 (Windows NT 10.0; Win64; x64) AppleWebKit/537.36 (KHTML, like Gecko) Chrome/74.0.3729.169 Safari/537.36"
35.190.144.99 - - [08/Jul/2025:06:12:21 +0700] "GET /main HTTP/1.0" 404 376 "http://ygflive.com/main" "Mozilla/5.0 (Windows NT 10.0; Win64; x64) AppleWebKit/537.36 (KHTML, like Gecko) Chrome/74.0.3729.169 Safari/537.36"
35.190.144.99 - - [08/Jul/2025:06:12:22 +0700] "GET /home HTTP/1.0" 404 376 "http://ygflive.com/home" "Mozilla/5.0 (Windows NT 10.0; Win64; x64) AppleWebKit/537.36 (KHTML, like Gecko) Chrome/74.0.3729.169 Safari/537.36"
63.35.211.220 - - [08/Jul/2025:06:13:13 +0700] "GET / HTTP/1.0" 200 34891 "-" "Mozilla/5.0 (compatible; NetcraftSurveyAgent/1.0; +info@netcraft.com)"
103.123.16.140 - - [08/Jul/2025:06:23:08 +0700] "GET / HTTP/1.0" 200 34891 "-" "Python/3.11 aiohttp/3.9.2"
